flutter.bat : Wasm dry run succeeded. Consider building and testing your application with the `--wasm` flag. See docs 
for more info: https://docs.flutter.dev/platform-integration/web/wasm
At line:1 char:1
+ & "G:\flutter_sdk\bin\flutter.bat" build web 2> build_errors.txt
+ ~~~~~~~~~~~~~~~~~~~~~~~~~~~~~~~~~~~~~~~~~~~~~~~~~~~~~~~~~~~~~~~~
    + CategoryInfo          : NotSpecified: (Wasm dry run su...ration/web/wasm:String) [], RemoteException
    + FullyQualifiedErrorId : NativeCommandError
 
Use --no-wasm-dry-run to disable these warnings.
